=== Starting Zynochat Verification Tests ===
Test server running on port 3099
✓ Test 1 Passed: Dynamic SSR & JSON-LD Schemas
✓ Test 2 Passed: Dynamic Sitemap Generator
✓ Test 3 Passed: Robots.txt Search Policy
[VIP MONETIZATION] Upgrading User usr_test123 to VIP (Tx: 0x123)
✓ Test 4 Passed: VIP Monetization Gateway
✓ Test 5 Passed: Admin Telemetry & Zero Trust Access
✓ Test 6 Passed: WebSocket Zero-Knowledge Frame Relay

ALL 6 VERIFICATION TESTS PASSED SUCCESSFULLY! 🎉
